I'm sorry, but errors were detected in your script. Please correct the
errors listed below, and try again.


File "game/script.rpy", line 719: reached end of line when expecting ':'.
    if kerolp == -2
                   ^

Ren'Py Version: Ren'Py 8.0.3.22090809
Thu May 18 17:47:32 2023
